-----Django-------
http://127.0.0.1:8000/ # website local location

[pipenv]
<$ pip3 install pipenv # install pipenv
/>

[django installation]
<$ pipenv install django~=3.1.0 # Install django
/>

[virtual enviorment]
<$ pipenv shell # enter virtual enviorment
$ exit # deactivate virtual enviorment
/>

[start project/app]
<$ django-admin startproject config . # start project (Inside virtual enviorment folder)
$ python manage.py startapp appName #  create app 
$ python manage.py migrate
/>

[run server]
<$ python manage.py runserver # Run server
control + c ---- Quitting server
/>

[create superuser] # make sure to migrate changes before doing so
<$ python manage.py createsuperuser
/>

[tests]
<$ python manage.py test # run tests
HTTP 200 - working
HTTP 404 - error
/>

[Django CheckList] 
<whenever we create or modify existing model we will need to update django:
$ python manage.py makemigrations appName # (including appName will migrations of this specific app)
$ python manage.py migrate
/>


[Static]
<to include css in production use:
$ python manage.py collectstatic # collectstatic command must be run to compile the css into this staticfiles folder used in production
$ pipenv install whitenoise==5.1.0 # serve these compiled static files in production,
• add whitenoise to the INSTALLED_APPS *above* the built-in staticfiles app
INSTALLED_APPS = [ 'whitenoise.runserver_nostatic', ]
• under MIDDLEWARE add a new line for WhiteNoiseMiddleware
MIDDLEWARE = ['whitenoise.middleware.WhiteNoiseMiddleware', ]
• change STATICFILES_STORAGE to use WhiteNoise
STATICFILES_STORAGE = 'whitenoise.storage.CompressedManifestStaticFilesStorage'
• run collectstatic cmd command one more time to use whitenoise Since our STATICFILES_STORAGE method has changed
/>

---Django notes---
• admin.py is a configuration file for the built-in Django Admin app
• apps.py is a configuration file for the app itself
• migrations/ keeps track of any changes to our models.py file so our database and
models.py stay in sync
• models.py is where we define our database models which Django automatically translates
into database tables
• tests.py is for our app-specific tests
• views.py is where we handle the request/response logic for our web app

Django request/response cycle:
URL -> View -> Model (typically) -> Template


when object is created Django automatically adds an auto-incrementing primary key (pk/id) to his database model


[Bootstraps]
$ pipenv install django-crispy-forms==1.9.2 # django-crispy-forms.







-----Git
"Configuration"
$ git config --global user.name "Your Name" - Enter your name
$ git config --global user.email "yourname@email.com" - Enter your email

$ git init
$ git status - displa changes since last git commit
$ git add -A - add all the files to git (A = all)
$ git commit -m "initial commit" - save files with a comment (m = massage)
$ git remote add origin https://github.com/wsvincent/hello-world.git - linking to repository with link (every repo have a different link)
$ git push -u origin master - push changes to git









--------Heroku------
donwload and install heroku from their website
$ heroku login - enter your email and password

deployment checklist:
• install Gunicorn 
$ pipenv install gunicorn==19.9.0
• create a Procfile file and add text to file - web: gunicorn config.wsgi --log-file -
• update ALLOWED_HOSTS in config/settings.py to - ALLOWED_HOSTS = ['.herokuapp.com', 'localhost', '127.0.0.1']



• login to your heroku account
$ heroku login
• create a container for your app
$ heroku create appName
• configure git to push to your app repo
$ heroku git:remote -a appName
• (if you use css in production use this command) - make Heroku run Django’s collectstatic command automatically
$ heroku create dfb-blog 
ELSE 
$ heroku config:set DISABLE_COLLECTSTATIC=1 -

• check config/setting.py SECRET_KEY = env.str("SECRET_KEY") and enter it:
$ heroku config:set SECRET_KEY=''

• push our code to Heroku
$ git push heroku master

• choose your website scale
$ heroku ps:scale web=1

• open the website url
$ heroku open





-----CMD-----

• cd (change down a directory)
• cd .. (change up a directory)
• dir (list files in your current directory on Windows)
• pwd (print working directory)
• mkdir (make directory)



